affright&category=verb
afraid&category=adjective
alarm&category=noun
alarm&category=verb
alarmed&category=adjective
alert&category=verb
anxious&category=adjective
anxiously&category=adverb
appal&category=verb
appall&category=verb
apprehension&category=noun
apprehensive&category=adjective
apprehensively&category=adverb
apprehensiveness&category=noun
atrocious&category=adjective
awful&category=adjective
awfully&category=adverb
bashfully&category=adverb
boding&category=noun
browbeaten&category=adjective
bullied&category=adjective
chill&category=noun
chill&category=verb
chilling&category=adjective
cliff-hanging&category=adjective
coldheartedness&category=noun
consternation&category=noun
cowed&category=adjective
cower&category=verb
crawl&category=verb
creep&category=verb
creeps&category=noun
cringe&category=verb
cruel&category=adjective
cruelly&category=adverb
cruelty&category=noun
dash&category=verb
daunt&category=verb
diffidence&category=noun
diffident&category=adjective
diffidently&category=adverb
dire&category=adjective
direful&category=adjective
dismay&category=noun
dismay&category=verb
dread&category=adjective
dread&category=noun
dread&category=verb
dreaded&category=adjective
dreadful&category=adjective
dreadfully&category=adverb
fawn&category=verb
fear&category=noun
fear&category=verb
fearful&category=adjective
fearfully&category=adverb
fearfulness&category=noun
fearsome&category=adjective
foreboding&category=noun
fright&category=noun
fright&category=verb
frighten&category=verb
frighten_away&category=verb
frighten_off&category=verb
frightened&category=adjective
frightening&category=adjective
frighteningly&category=adverb
frightful&category=adjective
grovel&category=verb
hangdog&category=adjective
hardhearted&category=adjective
hardheartedness&category=noun
heartless&category=adjective
heartlessly&category=adverb
heartlessness&category=noun
hesitance&category=noun
hesitancy&category=noun
hesitantly&category=adverb
hesitatingly&category=adverb
hideous&category=adjective
hideously&category=adverb
horrendous&category=adjective
horrible&category=adjective
horribly&category=adverb
horrid&category=adjective
horridly&category=adverb
horrific&category=adjective
horrified&category=adjective
horrify&category=verb
horrifying&category=adjective
horrifyingly&category=adverb
horror&category=noun
horror-stricken&category=adjective
horror-struck&category=adjective
hysteria&category=noun
hysterical&category=adjective
hysterically&category=adverb
intimidate&category=verb
intimidated&category=adjective
intimidation&category=noun
mercilessness&category=noun
monstrously&category=adverb
outrageous&category=adjective
pall&category=noun
pall&category=verb
panic&category=noun
panic&category=verb
panic stricken&category=adjective
panic struck&category=adjective
panic attack&category=noun
panicked&category=adjective
panicky&category=adjective
pitilessness&category=noun
premonition&category=noun
presage&category=noun
presentiment&category=noun
ruthlessness&category=noun
scare&category=noun
scare&category=verb
scare away&category=verb
scare off&category=verb
scared&category=adjective
scarey&category=adjective
scarily&category=adverb
scary&category=adjective
self-distrust&category=noun
self-doubt&category=noun
shadow&category=noun
shivery&category=adjective
shuddery&category=adjective
shy&category=adjective
shyly&category=adverb
shyness&category=noun
stage_fright&category=noun
suspense&category=noun
suspenseful&category=adjective
suspensive&category=adjective
terrible&category=adjective
terrified&category=adjective
terror&category=noun
timid&category=adjective
timidity&category=noun
timidly&category=adverb
timidness&category=noun
timorous&category=adjective
timorously&category=adverb
timorousness&category=noun
trepid&category=adjective
trepidation&category=noun
trepidly&category=adverb
ugly&category=adjective
unassertive&category=adjective
unassertively&category=adverb
unassertiveness&category=noun
uneasily&category=adverb
unkind&category=adjective
unsure&category=adjective