abhorrent&category=adjective
abominably&category=adverb
churn up&category=verb
detestable&category=adjective
detestably&category=adverb
disgust&category=noun
disgust&category=verb
disgusted&category=adjective
disgustedly&category=adverb
disgustful&category=adjective
disgusting&category=adjective
disgustingly&category=adverb
distasteful&category=adjective
distastefully&category=adverb
fed up&category=adjective
foul&category=adjective
hideous&category=adjective
horror&category=noun
loathly&category=adjective
loathsome&category=adjective
nausea&category=noun
nauseate&category=verb
nauseated&category=adjective
nauseating&category=adjective
nauseous&category=adjective
noisome&category=adjective
obscene&category=adjective
odiously&category=adverb
offensive&category=adjective
queasy&category=adjective
repel&category=verb
repellant&category=adjective
repellent&category=adjective
repugnance&category=noun
repugnant&category=adjective
repulse&category=verb
repulsion&category=noun
repulsive&category=adjective
repulsively&category=adverb
revolt&category=verb
revolting&category=adjective
revoltingly&category=adverb
revulsion&category=noun
sick&category=adjective
sick_of&category=adjective
sicken&category=verb
sickening&category=adjective
sickeningly&category=adverb
sickish&category=adjective
tired of&category=adjective
turn_off&category=verb
vile&category=adjective
wicked&category=adjective
yucky&category=adjective