admiration&category=noun
amaze&category=verb
amazed&category=adjective
amazement&category=noun
amazing&category=adjective
amazingly&category=adverb
astonied&category=adjective
astonish&category=verb
astonished&category=adjective
astonishing&category=adjective
astonishingly&category=adverb
astonishment&category=noun
astound&category=verb
astounded&category=adjective
astounding&category=adjective
awe&category=noun
awe&category=verb
awed&category=adjective
awestricken&category=adjective
awestruck&category=adjective
awful&category=adjective
baffle&category=verb
besot&category=verb
bewilder&category=verb
dazed&category=adjective
dumbfound&category=verb
dumbfounded&category=adjective
dumfounded&category=adjective
fantastic&category=adjective
flabbergasted&category=adjective
flummox&category=verb
gravel&category=verb
howling&category=adjective
in awe of&category=adjective
marvel&category=verb
marvellously&category=adverb
marvelous&category=adjective
marvelously&category=adverb
mystify&category=verb
nonplus&category=verb
perplex&category=verb
puzzle&category=verb
rattling&category=adjective
staggering&category=adjective
stun&category=verb
stunned&category=adjective
stupefaction&category=noun
stupefied&category=adjective
stupefy&category=verb
stupefying&category=adjective
stupid&category=adjective
stupify&category=verb
superbly&category=adverb
surprise&category=noun
surprise&category=verb
surprised&category=adjective
surprisedly&category=adverb
surprising&category=adjective
surprisingly&category=adverb
terrific&category=adjective
terrifically&category=adverb
thunderstruck&category=adjective
toppingly&category=adverb
tremendous&category=adjective
trounce&category=verb
wonder&category=noun
wonder&category=verb
wonderful&category=adjective
wonderfully&category=adverb
wonderment&category=noun
wondrous&category=adjective
wondrous&category=adverb
wondrously&category=adverb