admirable&category=adjective
admirably&category=adverb
admiration&category=noun
admire&category=verb
adorably&category=adverb
adoration&category=noun
adoring&category=adjective
affect&category=verb
affection&category=noun
affectional&category=adjective
affectionate&category=adjective
affectionateness&category=noun
affective&category=adjective
amative&category=adjective
amatory&category=adjective
amicability&category=noun
amicable&category=adjective
amicableness&category=noun
amicably&category=adverb
amorous&category=adjective
amorousness&category=noun
anticipate&category=verb
anticipation&category=noun
appreciated&category=adjective
approbative&category=adjective
approbatory&category=adjective
approval&category=noun
approve&category=verb
approved&category=adjective
approving&category=adjective
ardor&category=noun
ardour&category=noun
attachment&category=noun
avid&category=adjective
avidity&category=noun
avidness&category=noun
bang&category=noun
banter&category=verb
barrack&category=verb
be on cloud nine&category=verb
beaming&category=adjective
becharm&category=verb
beguile&category=verb
beguiled&category=adjective
belonging&category=noun
benefic&category=adjective
beneficed&category=adjective
beneficence&category=noun
beneficent&category=adjective
beneficially&category=adverb
benevolence&category=noun
benevolent&category=adjective
benevolently&category=adverb
bewitch&category=verb
bewitching&category=adjective
blithely&category=adverb
blitheness&category=noun
bonheur&category=noun
brotherhood&category=noun
brotherlike&category=adjective
brotherly&category=adjective
buoyancy&category=noun
calf love&category=noun
captivate&category=verb
captivated&category=adjective
captivating&category=adjective
captivation&category=noun
capture&category=verb
carefree&category=adjective
carefreeness&category=noun
caring&category=adjective
caring&category=noun
chaff&category=verb
charitable&category=adjective
charm&category=verb
charmed&category=adjective
cheer&category=verb
cheer up&category=verb
cheerful&category=adjective
cheerfully&category=adverb
cheerfulness&category=noun
cheering&category=adjective
cheery&category=adjective
chirk up&category=verb
cliff-hanging&category=adjective
close&category=adjective
close&category=adverb
closeness&category=noun
comfort&category=verb
comfortable&category=adjective
comfortableness&category=noun
comfortably&category=adverb
comforting&category=adjective
commendable&category=adverb
compatibility&category=noun
compatible&category=adjective
compatibly&category=adverb
complacence&category=noun
complacency&category=noun
complacent&category=adjective
concern&category=noun
concern&category=verb
congratulate&category=verb
console&category=verb
content&category=adjective
content&category=verb
contented&category=adjective
contentment&category=noun
crush&category=noun
delighted&category=adjective
devoted&category=adjective
devotedness&category=noun
devotion&category=noun
eager&category=adjective
eagerly&category=adverb
eagerness&category=noun
ebullient&category=adjective
ebulliently&category=adverb
elan&category=noun
elate&category=verb
elated&category=adjective
elating&category=adjective
elation&category=noun
embolden&category=verb
emotive&category=adjective
empathetic&category=adjective
empathetically&category=adverb
empathic&category=adjective
empathy&category=noun
enamor&category=verb
enamoredness&category=noun
enamour&category=verb
enchant&category=verb
enchanting&category=adjective
enchantment&category=noun
endearingly&category=adverb
enjoy&category=verb
enthralled&category=adjective
enthralling&category=adjective
enthrallment&category=noun
enthusiasm&category=noun
enthusiastic&category=adjective
enthusiastically&category=adverb
entrance&category=verb
entranced&category=adjective
entrancing&category=adjective
esteem&category=noun
euphoria&category=noun
euphoriant&category=adjective
euphoric&category=adjective
exalt&category=verb
excellent&category=adjective
excitement&category=noun
exciting&category=adjective
exhilarate&category=verb
exhilarated&category=adjective
exhilarating&category=adjective
exhilaration&category=noun
exhort&category=verb
expansively&category=adverb
expectancy&category=noun
exuberance&category=noun
exuberant&category=adjective
exuberantly&category=adverb
exult&category=verb
exultant&category=adjective
exultantly&category=adverb
exultation&category=noun
exulting&category=adjective
exultingly&category=adverb
fancy&category=noun
fascinate&category=verb
fascinating&category=adjective
fascination&category=noun
favor&category=noun
favor&category=verb
favorable&category=adjective
favorably&category=adverb
favour&category=noun
favour&category=verb
favourable&category=adjective
favourably&category=adverb
feeling of identity&category=noun
fellow feeling&category=noun
festal&category=adjective
festive&category=adjective
flush&category=noun
fond&category=adjective
fond regard&category=noun
fondly&category=adverb
fondness&category=noun
fraternal&category=adjective
friendliness&category=noun
friendly&category=adjective
fulfil&category=verb
fulfill&category=verb
fulfillment&category=noun
fulfilment&category=noun
gaiety&category=noun
gala&category=adjective
giving protection&category=adverb
glad&category=adjective
gladden&category=verb
gladdened&category=adjective
gladfulness&category=noun
gladness&category=noun
gladsome&category=adjective
gladsomeness&category=noun
glee&category=noun
gleeful&category=adjective
gleefully&category=adverb
gleefulness&category=noun
gloat&category=noun
gloating&category=noun
gloatingly&category=adverb
good&category=adjective
good will&category=noun
goodwill&category=noun
gratify&category=verb
gratifying&category=adjective
gratifyingly&category=adverb
great&category=adjective
gusto&category=noun
happily&category=adverb
happiness&category=noun
happy&category=adjective
heart&category=noun
hearten&category=verb
hero worship&category=noun
high-spirited&category=adjective
high spirits&category=noun
hilarious&category=adjective
hilariously&category=adverb
hilarity&category=noun
identification&category=noun
identify&category=verb
impress&category=verb
infatuation&category=noun
insouciance&category=noun
inspire&category=verb
interest&category=verb
intimacy&category=noun
intoxicate&category=verb
jocularity&category=noun
jocund&category=adjective
jocundity&category=noun
jollity&category=noun
jolly&category=adjective
jolly&category=verb
jolly along&category=verb
jolly up&category=verb
jovial&category=adjective
joviality&category=noun
joy&category=noun
joy&category=verb
joyful&category=adjective
joyfully&category=adverb
joyfulness&category=noun
joyous&category=adjective
joyously&category=adverb
joyousness&category=noun
jubilance&category=noun
jubilancy&category=noun
jubilant&category=adjective
jubilantly&category=adverb
jubilate&category=verb
jubilation&category=noun
jump for joy&category=verb
keenness&category=noun
kick&category=noun
kid&category=verb
kindhearted&category=adjective
kindheartedness&category=noun
kindly&category=adjective
laudably&category=adverb
lift up&category=verb
lightheartedness&category=noun
lightsomeness&category=noun
likable&category=adjective
like&category=verb
likeable&category=adjective
liking&category=noun
live up to&category=verb
look for&category=verb
look to&category=verb
look up to&category=verb
love&category=noun
love&category=verb
lovesome&category=adjective
loving&category=adjective
lovingly&category=adverb
lovingness&category=noun
loyalty&category=noun
merrily&category=adverb
merriment&category=noun
merry&category=adjective
mirth&category=noun
mirthful&category=adjective
mirthfully&category=adverb
mirthfulness&category=noun
move&category=verb
near&category=adverb
nigh&category=adverb
occupy&category=verb
offering protection&category=adverb
partiality&category=noun
penchant&category=noun
pep up&category=verb
perkiness&category=noun
pick up&category=verb
pleased&category=adjective
pleasing&category=adjective
pleasure&category=noun
praiseworthily&category=adverb
predilection&category=noun
preen&category=verb
preference&category=noun
pride&category=noun
pride&category=verb
prideful&category=adjective
protective&category=adjective
protectively&category=adverb
protectiveness&category=noun
proudly&category=adverb
puppy love&category=noun
rapport&category=noun
recreate&category=verb
regard&category=noun
rejoice&category=verb
rejoicing&category=adjective
rejoicing&category=noun
relish&category=noun
respect&category=noun
revel&category=verb
riotously&category=adverb
romantic&category=adjective
rush&category=noun
satiable&category=adjective
satisfaction&category=noun
satisfactorily&category=adverb
satisfactory&category=adjective
satisfiable&category=adjective
satisfied&category=adjective
satisfy&category=verb
satisfying&category=adjective
satisfyingly&category=adverb
schadenfreude&category=noun
screaming&category=adjective
self-complacency&category=noun
self-satisfaction&category=noun
self-satisfied&category=adjective
smug&category=adjective
smugness&category=noun
soft-boiled&category=adjective
soft spot&category=noun
softhearted&category=adjective
softheartedness&category=noun
solace&category=verb
soothe&category=verb
stimulating&category=adjective
strike&category=verb
sunny&category=adjective
suspense&category=noun
suspenseful&category=adjective
suspensive&category=adjective
sympathetic&category=adjective
sympathetically&category=adverb
sympathy&category=noun
taste&category=noun
teased&category=adjective
tender&category=adjective
tenderness&category=noun
thirstily&category=adverb
thrill&category=noun
thrill&category=verb
tickle&category=verb
titillate&category=verb
titillated&category=adjective
titillating&category=adjective
titillation&category=noun
togetherness&category=noun
trance&category=verb
triumph&category=noun
triumph&category=verb
triumphal&category=adjective
triumphant&category=adjective
triumphantly&category=adverb
unworried&category=adjective
uplift&category=verb
uproarious&category=adjective
uproariously&category=adverb
urge&category=verb
urge on&category=verb
walk on air&category=verb
wallow&category=verb
warm&category=adjective
warmhearted&category=adjective
warmheartedness&category=noun
warmth&category=noun
weakness&category=noun
with empathy&category=adverb
with happiness&category=adverb
with pride&category=adverb
with sympathy&category=adverb
worry&category=verb
worship&category=noun
worshipful&category=adjective
zeal&category=noun
zealous&category=adjective
zest&category=noun
zestfulness&category=noun