abhor&category=verb
abhorrence&category=noun
abominate&category=verb
abomination&category=noun
aggravate&category=verb
aggravated&category=adjective
aggravation&category=noun
aggression&category=noun
aggressive&category=adjective
aggressiveness&category=noun
amok&category=adverb
amuck&category=adverb
anger&category=noun
anger&category=verb
angered&category=adjective
angrily&category=adverb
angry&category=adjective
animosity&category=noun
animus&category=noun
annoy&category=verb
annoyance&category=noun
annoyed&category=adjective
annoying&category=adjective
antagonism&category=noun
avaricious&category=adjective
bad blood&category=noun
bad temper&category=noun
baffled&category=adjective
balked&category=adjective
bedevil&category=verb
begrudge&category=verb
begrudging&category=adjective
belligerence&category=noun
belligerency&category=noun
belligerent&category=adjective
belligerently&category=adverb
bitterness&category=noun
bother&category=verb
bothersome&category=adjective
brood&category=verb
chafe&category=noun
choler&category=noun
choleric&category=adjective
class feeling&category=noun
contemn&category=verb
covet&category=verb
covetous&category=adjective
covetously&category=adverb
covetousness&category=noun
crucify&category=verb
dander&category=noun
despisal&category=noun
despise&category=verb
despising&category=noun
despiteful&category=adjective
detest&category=verb
detestation&category=noun
devil&category=verb
discouraged&category=adjective
disdain&category=verb
displease&category=verb
displeased&category=adjective
displeasing&category=adjective
displeasingly&category=adverb
displeasure&category=noun
dudgeon&category=noun
dun&category=verb
enfuriate&category=verb
enmity&category=noun
enraged&category=adjective
enragement&category=noun
enviable&category=adjective
enviably&category=adverb
envious&category=adjective
enviously&category=adverb
enviousness&category=noun
envy&category=noun
envy&category=verb
evil&category=adjective
exacerbate&category=verb
exasperate&category=verb
exasperating&category=adjective
exasperation&category=noun
execrate&category=verb
execration&category=noun
frustrate&category=verb
frustrated&category=adjective
frustrating&category=adjective
frustration&category=noun
furious&category=adjective
furiously&category=adverb
fury&category=noun
gall&category=noun
galling&category=adjective
get at&category=verb
get to&category=verb
grabby&category=adjective
grasping&category=adjective
gravel&category=verb
greedy&category=adjective
green-eyed&category=adjective
green-eyed monster&category=noun
grievance&category=noun
grizzle&category=verb
grudge&category=noun
grudge&category=verb
grudging&category=adjective
hackles&category=noun
harass&category=verb
harassed&category=adjective
harassment&category=noun
harried&category=adjective
hate&category=noun
hate&category=verb
hateful&category=adjective
hatefully&category=adverb
hatred&category=noun
heartburning&category=noun
high dudgeon&category=noun
hostile&category=adjective
hostilely&category=adverb
hostility&category=noun
huffily&category=adverb
huffiness&category=noun
huffish&category=adjective
huffishness&category=noun
huffy&category=adjective
ill temper&category=noun
ill will&category=noun
incense&category=verb
incensed&category=adjective
indignant&category=adjective
indignantly&category=adverb
indignation&category=noun
infuriate&category=verb
infuriated&category=adjective
infuriating&category=adjective
infuriation&category=noun
irascibility&category=noun
irascible&category=adjective
ire&category=noun
irritate&category=verb
irritated&category=adjective
irritating&category=adjective
irritation&category=noun
jealous&category=adjective
jealously&category=adverb
jealousy&category=noun
livid&category=adjective
lividity&category=noun
lividly&category=adverb
loathe&category=verb
loathing&category=noun
mad&category=adjective
maddened&category=adjective
maddening&category=adjective
madness&category=noun
malefic&category=adjective
maleficence&category=noun
malevolence&category=noun
malevolent&category=adjective
malevolently&category=adverb
malice&category=noun
malicious&category=adjective
maliciously&category=adverb
maliciousness&category=noun
malign&category=adjective
malignity&category=noun
misanthropic&category=adjective
misanthropical&category=adjective
misanthropy&category=noun
misocainea&category=noun
misogamy&category=noun
misogynic&category=adjective
misogynism&category=noun
misogyny&category=noun
misology&category=noun
misoneism&category=noun
misopedia&category=noun
murderously&category=adverb
murderousness&category=noun
nark&category=verb
nettle&category=verb
nettled&category=adjective
nettlesome&category=adjective
odium&category=noun
offend&category=verb
offense&category=noun
oppress&category=verb
outrage&category=noun
outrage&category=verb
outraged&category=adjective
overjealous&category=adjective
peeved&category=adjective
persecute&category=verb
pesky&category=adjective
pestered&category=adjective
pestering&category=adjective
pestiferous&category=adjective
pique&category=noun
pique&category=verb
pissed&category=adjective
plaguey&category=adjective
plaguy&category=adjective
pout&category=verb
prehensile&category=adjective
provoked&category=adjective
quick temper&category=noun
rag&category=verb
rage&category=noun
rancor&category=noun
rancour&category=noun
resentful&category=adjective
resentfully&category=adverb
resentment&category=noun
revengefully&category=adverb
rile&category=verb
riled&category=adjective
roiled&category=adjective
scene&category=noun
score&category=noun
scorn&category=verb
see red&category=verb
short temper&category=noun
sore&category=adjective
spite&category=noun
spiteful&category=adjective
spitefulness&category=noun
spleen&category=noun
stew&category=verb
stung&category=adjective
sulk&category=verb
sulkiness&category=noun
sulky&category=adjective
tantalize&category=verb
tantrum&category=noun
teasing&category=adjective
temper&category=noun
green-eyed monster&category=noun
torment&category=noun
torment&category=verb
umbrage&category=noun
umbrageous&category=adjective
vengefully&category=adverb
vengefulness&category=noun
venom&category=noun
vex&category=verb
vexation&category=noun
vexatious&category=adjective
vexed&category=adjective
vexing&category=adjective
vindictive&category=adjective
vindictively&category=adverb
vindictiveness&category=noun
warpath&category=noun
with_hostility&category=adverb
wrath&category=noun
wrathful&category=adjective
wrathfully&category=adverb
wroth&category=adjective
wrothful&category=adjective