Weltschmerz&category=noun
aggrieve&category=verb
attrition&category=noun
bad&category=adjective
bereaved&category=adjective
bereft&category=adjective
bored&category=adjective
brokenheartedness&category=noun
cast down&category=verb
cheerless&category=adjective
cheerlessly&category=adverb
cheerlessness&category=noun
compunction&category=noun
contrite&category=adjective
contritely&category=adverb
contriteness&category=noun
contrition&category=noun
deject&category=verb
demoralising&category=adjective
demoralization&category=noun
demoralize&category=verb
demoralized&category=adjective
demoralizing&category=adjective
deplorable&category=adjective
deplorably&category=adverb
depress&category=verb
depressed&category=adjective
depressing&category=adjective
depression&category=noun
depressive&category=adjective
desolate&category=adjective
desolation&category=noun
despairingly&category=adverb
despondence&category=noun
despondency&category=noun
despondent&category=adjective
despondently&category=adverb
dingy&category=adjective
disconsolate&category=adjective
disconsolateness&category=noun
discouraged&category=adjective
disheartened&category=adjective
disheartening&category=adjective
dismal&category=adjective
dismay&category=verb
dispirit&category=verb
dispirited&category=adjective
dispiritedness&category=noun
dispiriting&category=adjective
distressed&category=adjective
doleful&category=adjective
dolefully&category=adverb
dolefulness&category=noun
dolor&category=noun
dolorous&category=adjective
dolour&category=noun
dolourous&category=adjective
downcast&category=adjective
downhearted&category=adjective
downheartedness&category=noun
downtrodden&category=adjective
drab&category=adjective
drear&category=adjective
dreary&category=adjective
dysphoria&category=noun
dysphoric&category=adjective
execrable&category=adjective
forlorn&category=adjective
forlornly&category=adverb
forlornness&category=noun
gloom&category=noun
gloomful&category=adjective
gloomily&category=adverb
gloominess&category=noun
glooming&category=adjective
gloomy&category=adjective
glum&category=adjective
godforsaken&category=adjective
grief&category=noun
grief-stricken&category=adjective
grieve&category=verb
grieving&category=adjective
grievous&category=adjective
grievously&category=adverb
grim&category=adjective
guilt&category=noun
guilt feelings&category=noun
guilt trip&category=noun
guilty&category=adjective
guilty conscience&category=noun
hangdog&category=adjective
hapless&category=adjective
harass&category=verb
heartache&category=noun
heartbreak&category=noun
heartbreaking&category=adjective
heartrending&category=adjective
heartsick&category=adjective
heartsickness&category=noun
heavyhearted&category=adjective
heavyheartedness&category=noun
helplessness&category=noun
joyless&category=adjective
joylessly&category=adverb
joylessness&category=noun
lachrymose&category=adjective
laden&category=adjective
lamentably&category=adverb
loneliness&category=noun
long-faced&category=adjective
lorn&category=adjective
low-spirited&category=adjective
low-spiritedness&category=noun
melancholic&category=adjective
melancholy&category=adjective
melancholy&category=noun
miserable&category=adjective
miserably&category=adverb
misery&category=noun
misfortunate&category=adjective
mournful&category=adjective
mournfully&category=adverb
mournfulness&category=noun
mourning&category=adjective
oppress&category=verb
oppressed&category=adjective
oppression&category=noun
oppressive&category=adjective
oppressively&category=adverb
oppressiveness&category=noun
pathetic&category=adjective
penance&category=noun
penitence&category=noun
penitent&category=adjective
penitentially&category=adverb
penitently&category=adverb
persecute&category=verb
persecuted&category=adjective
piteous&category=adjective
pitiable&category=adjective
pitiful&category=adjective
pitying&category=adjective
plaintive&category=adjective
plaintively&category=adverb
plaintiveness&category=noun
poor&category=adjective
regret&category=noun
regret&category=verb
regretful&category=adjective
remorse&category=noun
remorseful&category=adjective
remorsefully&category=adverb
repent&category=verb
repentance&category=noun
repentant&category=adjective
repentantly&category=adverb
rue&category=verb
rueful&category=adjective
ruefully&category=adverb
ruefulness&category=noun
ruthfulness&category=noun
sad&category=adjective
sad&category=verb
sadden&category=verb
saddening&category=adjective
sadly&category=adverb
sadness&category=noun
self-pity&category=noun
self-reproach&category=noun
shamed&category=adjective
shamefaced&category=adjective
somberness&category=noun
sorrow&category=noun
sorrow&category=verb
sorrowful&category=adjective
sorrowfully&category=adverb
sorrowfulness&category=noun
sorrowing&category=adjective
sorry&category=adjective
sorry for&category=adjective
suffering&category=adjective
tearful&category=adjective
tearfulness&category=noun
tyrannical&category=adjective
tyrannous&category=adjective
uncheerful&category=adjective
uncheerfulness&category=noun
unhappiness&category=noun
unhappy&category=adjective
weepiness&category=noun
weeping&category=adjective
woe&category=noun
woebegone&category=adjective
woeful&category=adjective
woefully&category=adverb
woefulness&category=noun
world-weariness&category=noun
world-weary&category=adjective
wretched&category=adjective